[2026-08-07 17:04:27] === Launcher Session Started ===
[2026-08-07 17:04:27] Got game path from startup arguments: C:\Program Files\HoYoPlay\games\Genshin Impact game\GenshinImpact.exe
[2026-08-07 17:04:27] Game working directory: C:\Program Files\HoYoPlay\games\Genshin Impact game
[2026-08-07 17:04:27] Suspended game process successfully created, configuring plugin injection queue...
[2026-08-07 17:04:27] Recursively scanning Plugins directory for config.ini: D:\UnlockerIsland.new\x64\Release\Plugins
[2026-08-07 17:04:27] Warning: Plugin file pointed by config does not exist: FufuLauncher.UnlockerIsland.dll
[2026-08-07 17:04:27] Plugin loading queue completed, planned to inject: 0 plugins
[2026-08-07 17:04:27] === Game main thread resumed and executing injection tasks ===
[2026-08-07 17:23:14] === Launcher Session Started ===
[2026-08-07 17:23:14] Got game path from startup arguments: C:\Program Files\HoYoPlay\games\Genshin Impact game\GenshinImpact.exe
[2026-08-07 17:23:14] Game working directory: C:\Program Files\HoYoPlay\games\Genshin Impact game
[2026-08-07 17:23:14] Suspended game process successfully created, configuring plugin injection queue...
[2026-08-07 17:23:14] Recursively scanning Plugins directory for config.ini: D:\Skirk-macro\src\unlocker\Plugins
[2026-08-07 17:23:14] Found plugin pointed by config: CUTTOOL.UnlockerIsland.dll, configuring injection...
[2026-08-07 17:23:14] Plugin added to load queue: CUTTOOL.UnlockerIsland.dll
[2026-08-07 17:23:14] Plugin loading queue completed, planned to inject: 1 plugins
[2026-08-07 17:23:14] === Game main thread resumed and executing injection tasks ===
[2026-08-07 17:31:51] === Launcher Session Started ===
[2026-08-07 17:31:51] Got game path from startup arguments: C:\Program Files\HoYoPlay\games\Genshin Impact game\GenshinImpact.exe
[2026-08-07 17:31:51] Game working directory: C:\Program Files\HoYoPlay\games\Genshin Impact game
[2026-08-07 17:31:51] Suspended game process successfully created, configuring plugin injection queue...
[2026-08-07 17:31:51] Recursively scanning Plugins directory for config.ini: D:\Skirk-macro\src\unlocker\Plugins
[2026-08-07 17:31:51] Found plugin pointed by config: CUTTOOL.UnlockerIsland.dll, configuring injection...
[2026-08-07 17:31:51] Plugin added to load queue: CUTTOOL.UnlockerIsland.dll
[2026-08-07 17:31:51] Plugin loading queue completed, planned to inject: 1 plugins
[2026-08-07 17:31:51] === Game main thread resumed and executing injection tasks ===
[2026-08-07 17:42:08] === Launcher Session Started ===
[2026-08-07 17:42:08] Got game path from startup arguments: C:\Program Files\HoYoPlay\games\Genshin Impact game\GenshinImpact.exe
[2026-08-07 17:42:08] Game working directory: C:\Program Files\HoYoPlay\games\Genshin Impact game
[2026-08-07 17:42:08] Suspended game process successfully created, configuring plugin injection queue...
[2026-08-07 17:42:08] Recursively scanning Plugins directory for config.ini: D:\Skirk-macro\src\unlocker\Plugins
[2026-08-07 17:42:08] Found plugin pointed by config: CUTTOOL.UnlockerIsland.dll, configuring injection...
[2026-08-07 17:42:08] Plugin added to load queue: CUTTOOL.UnlockerIsland.dll
[2026-08-07 17:42:08] Plugin loading queue completed, planned to inject: 1 plugins
[2026-08-07 17:42:08] === Game main thread resumed and executing injection tasks ===
